Copyright 1986-2022 Xilinx, Inc. All Rights Reserved. Copyright 2022-2023 Advanced Micro Devices, Inc. All Rights Reserved.
-------------------------------------------------------------------------------------------------------------------------------------------------
| Tool Version     : Vivado v.2023.2 (win64) Build 4029153 Fri Oct 13 20:14:34 MDT 2023
| Date             : Mon Mar  4 13:55:59 2024
| Host             : DESKTOP-0AEVHHL running 64-bit major release  (build 9200)
| Command          : report_power -file Main_Puf_power_routed.rpt -pb Main_Puf_power_summary_routed.pb -rpx Main_Puf_power_routed.rpx
| Design           : Main_Puf
| Device           : xc7z020clg484-1
| Design State     : routed
| Grade            : commercial
| Process          : typical
| Characterization : Production
-------------------------------------------------------------------------------------------------------------------------------------------------

Power Report

Table of Contents
-----------------
1. Summary
1.1 On-Chip Components
1.2 Power Supply Summary
1.3 Confidence Level
2. Settings
2.1 Environment
2.2 Clock Constraints
3. Detailed Reports
3.1 By Hierarchy

1. Summary
----------

+--------------------------+----------------------------------+
| Total On-Chip Power (W)  | 31.623 (Junction temp exceeded!) |
| Design Power Budget (W)  | Unspecified*                     |
| Power Budget Margin (W)  | NA                               |
| Dynamic (W)              | 30.582                           |
| Device Static (W)        | 1.041                            |
| Effective TJA (C/W)      | 11.5                             |
| Max Ambient (C)          | 0.0                              |
| Junction Temperature (C) | 125.0                            |
| Confidence Level         | Low                              |
| Setting File             | ---                              |
| Simulation Activity File | ---                              |
| Design Nets Matched      | NA                               |
+--------------------------+----------------------------------+
* Specify Design Power Budget using, set_operating_conditions -design_power_budget <value in Watts>


1.1 On-Chip Components
----------------------

+----------------+-----------+----------+-----------+-----------------+
| On-Chip        | Power (W) | Used     | Available | Utilization (%) |
+----------------+-----------+----------+-----------+-----------------+
| Slice Logic    |     5.586 |      528 |       --- |             --- |
|   LUT as Logic |     5.586 |      528 |     53200 |            0.99 |
| Signals        |     3.338 |      536 |       --- |             --- |
| I/O            |    21.657 |       16 |       200 |            8.00 |
| Static Power   |     1.041 |          |           |                 |
| Total          |    31.623 |          |           |                 |
+----------------+-----------+----------+-----------+-----------------+


1.2 Power Supply Summary
------------------------

+-----------+-------------+-----------+-------------+------------+-------------+-------------+------------+
| Source    | Voltage (V) | Total (A) | Dynamic (A) | Static (A) | Powerup (A) | Budget (A)  | Margin (A) |
+-----------+-------------+-----------+-------------+------------+-------------+-------------+------------+
| Vccint    |       1.000 |     9.255 |       8.957 |      0.299 |       NA    | Unspecified | NA         |
| Vccaux    |       1.800 |     0.892 |       0.792 |      0.100 |       NA    | Unspecified | NA         |
| Vcco33    |       3.300 |     6.122 |       6.121 |      0.001 |       NA    | Unspecified | NA         |
| Vcco25    |       2.500 |     0.000 |       0.000 |      0.000 |       NA    | Unspecified | NA         |
| Vcco18    |       1.800 |     0.000 |       0.000 |      0.000 |       NA    | Unspecified | NA         |
| Vcco15    |       1.500 |     0.000 |       0.000 |      0.000 |       NA    | Unspecified | NA         |
| Vcco135   |       1.350 |     0.000 |       0.000 |      0.000 |       NA    | Unspecified | NA         |
| Vcco12    |       1.200 |     0.000 |       0.000 |      0.000 |       NA    | Unspecified | NA         |
| Vccaux_io |       1.800 |     0.000 |       0.000 |      0.000 |       NA    | Unspecified | NA         |
| Vccbram   |       1.000 |     0.026 |       0.000 |      0.026 |       NA    | Unspecified | NA         |
| MGTAVcc   |       1.000 |     0.000 |       0.000 |      0.000 |       NA    | Unspecified | NA         |
| MGTAVtt   |       1.200 |     0.000 |       0.000 |      0.000 |       NA    | Unspecified | NA         |
| MGTVccaux |       1.800 |     0.000 |       0.000 |      0.000 |       NA    | Unspecified | NA         |
| Vccpint   |       1.000 |     0.473 |       0.000 |      0.473 |       NA    | Unspecified | NA         |
| Vccpaux   |       1.800 |     0.010 |       0.000 |      0.010 |       NA    | Unspecified | NA         |
| Vccpll    |       1.800 |     0.003 |       0.000 |      0.003 |       NA    | Unspecified | NA         |
| Vcco_ddr  |       1.500 |     0.000 |       0.000 |      0.000 |       NA    | Unspecified | NA         |
| Vcco_mio0 |       1.800 |     0.000 |       0.000 |      0.000 |       NA    | Unspecified | NA         |
| Vcco_mio1 |       1.800 |     0.000 |       0.000 |      0.000 |       NA    | Unspecified | NA         |
| Vccadc    |       1.800 |     0.020 |       0.000 |      0.020 |       NA    | Unspecified | NA         |
+-----------+-------------+-----------+-------------+------------+-------------+-------------+------------+


1.3 Confidence Level
--------------------

+-----------------------------+------------+--------------------------------------------------------+------------------------------------------------------------------------------------------------------------+
| User Input Data             | Confidence | Details                                                | Action                                                                                                     |
+-----------------------------+------------+--------------------------------------------------------+------------------------------------------------------------------------------------------------------------+
| Design implementation state | High       | Design is routed                                       |                                                                                                            |
| Clock nodes activity        | High       | User specified more than 95% of clocks                 |                                                                                                            |
| I/O nodes activity          | Low        | More than 75% of inputs are missing user specification | Provide missing input activity with simulation results or by editing the "By Resource Type -> I/Os" view   |
| Internal nodes activity     | Medium     | User specified less than 25% of internal nodes         | Provide missing internal nodes activity with simulation results or by editing the "By Resource Type" views |
| Device models               | High       | Device models are Production                           |                                                                                                            |
|                             |            |                                                        |                                                                                                            |
| Overall confidence level    | Low        |                                                        |                                                                                                            |
+-----------------------------+------------+--------------------------------------------------------+------------------------------------------------------------------------------------------------------------+


2. Settings
-----------

2.1 Environment
---------------

+-----------------------+------------------------+
| Ambient Temp (C)      | 25.0                   |
| ThetaJA (C/W)         | 11.5                   |
| Airflow (LFM)         | 250                    |
| Heat Sink             | none                   |
| ThetaSA (C/W)         | 0.0                    |
| Board Selection       | medium (10"x10")       |
| # of Board Layers     | 8to11 (8 to 11 Layers) |
| Board Temperature (C) | 25.0                   |
+-----------------------+------------------------+


2.2 Clock Constraints
---------------------

+-------+--------+-----------------+
| Clock | Domain | Constraint (ns) |
+-------+--------+-----------------+


3. Detailed Reports
-------------------

3.1 By Hierarchy
----------------

+----------+-----------+
| Name     | Power (W) |
+----------+-----------+
| Main_Puf |    30.582 |
|   A0     |     1.149 |
|     m01  |     0.003 |
|     m02  |     0.004 |
|     m101 |     0.013 |
|     m102 |     0.013 |
|     m11  |     0.005 |
|     m111 |     0.021 |
|     m112 |     0.021 |
|     m12  |     0.004 |
|     m121 |     0.019 |
|     m122 |     0.019 |
|     m131 |     0.016 |
|     m132 |     0.016 |
|     m141 |     0.014 |
|     m142 |     0.014 |
|     m151 |     0.020 |
|     m152 |     0.020 |
|     m161 |     0.016 |
|     m162 |     0.011 |
|     m171 |     0.018 |
|     m172 |     0.018 |
|     m181 |     0.021 |
|     m182 |     0.021 |
|     m191 |     0.015 |
|     m192 |     0.015 |
|     m201 |     0.023 |
|     m202 |     0.024 |
|     m21  |     0.007 |
|     m211 |     0.017 |
|     m212 |     0.016 |
|     m22  |     0.007 |
|     m221 |     0.018 |
|     m222 |     0.018 |
|     m231 |     0.012 |
|     m232 |     0.017 |
|     m241 |     0.018 |
|     m242 |     0.018 |
|     m251 |     0.019 |
|     m252 |     0.020 |
|     m261 |     0.019 |
|     m262 |     0.019 |
|     m271 |     0.019 |
|     m272 |     0.015 |
|     m281 |     0.017 |
|     m282 |     0.017 |
|     m291 |     0.019 |
|     m292 |     0.019 |
|     m301 |     0.017 |
|     m302 |     0.016 |
|     m31  |     0.008 |
|     m311 |     0.024 |
|     m312 |     0.022 |
|     m32  |     0.012 |
|     m41  |     0.010 |
|     m42  |     0.010 |
|     m51  |     0.010 |
|     m52  |     0.010 |
|     m61  |     0.014 |
|     m62  |     0.013 |
|     m71  |     0.015 |
|     m72  |     0.015 |
|     m81  |     0.013 |
|     m82  |     0.013 |
|     m91  |     0.015 |
|     m92  |     0.015 |
|   A1     |     1.079 |
|     m01  |     0.003 |
|     m02  |     0.003 |
|     m101 |     0.015 |
|     m102 |     0.015 |
|     m11  |     0.007 |
|     m111 |     0.015 |
|     m112 |     0.015 |
|     m12  |     0.007 |
|     m121 |     0.011 |
|     m122 |     0.015 |
|     m131 |     0.016 |
|     m132 |     0.024 |
|     m141 |     0.014 |
|     m142 |     0.019 |
|     m151 |     0.016 |
|     m152 |     0.016 |
|     m161 |     0.023 |
|     m162 |     0.023 |
|     m171 |     0.016 |
|     m172 |     0.016 |
|     m181 |     0.017 |
|     m182 |     0.017 |
|     m191 |     0.020 |
|     m192 |     0.020 |
|     m201 |     0.024 |
|     m202 |     0.024 |
|     m21  |     0.006 |
|     m211 |     0.019 |
|     m212 |     0.019 |
|     m22  |     0.006 |
|     m221 |     0.022 |
|     m222 |     0.012 |
|     m231 |     0.012 |
|     m232 |     0.012 |
|     m241 |     0.018 |
|     m242 |     0.018 |
|     m251 |     0.016 |
|     m252 |     0.016 |
|     m261 |     0.021 |
|     m262 |     0.020 |
|     m271 |     0.018 |
|     m272 |     0.017 |
|     m281 |     0.019 |
|     m282 |     0.019 |
|     m291 |     0.017 |
|     m292 |     0.017 |
|     m301 |     0.020 |
|     m302 |     0.019 |
|     m31  |     0.008 |
|     m311 |     0.019 |
|     m312 |     0.019 |
|     m32  |     0.008 |
|     m41  |     0.010 |
|     m42  |     0.009 |
|     m51  |     0.011 |
|     m52  |     0.012 |
|     m61  |     0.012 |
|     m62  |     0.012 |
|     m71  |     0.012 |
|     m72  |     0.015 |
|     m81  |     0.021 |
|     m82  |     0.015 |
|     m91  |     0.009 |
|     m92  |     0.009 |
|   A2     |     1.086 |
|     m01  |     0.003 |
|     m02  |     0.004 |
|     m101 |     0.015 |
|     m102 |     0.015 |
|     m11  |     0.005 |
|     m111 |     0.014 |
|     m112 |     0.014 |
|     m12  |     0.005 |
|     m121 |     0.016 |
|     m122 |     0.016 |
|     m131 |     0.017 |
|     m132 |     0.017 |
|     m141 |     0.019 |
|     m142 |     0.019 |
|     m151 |     0.016 |
|     m152 |     0.016 |
|     m161 |     0.018 |
|     m162 |     0.018 |
|     m171 |     0.015 |
|     m172 |     0.015 |
|     m181 |     0.020 |
|     m182 |     0.019 |
|     m191 |     0.017 |
|     m192 |     0.015 |
|     m201 |     0.017 |
|     m202 |     0.018 |
|     m21  |     0.007 |
|     m211 |     0.019 |
|     m212 |     0.019 |
|     m22  |     0.010 |
|     m221 |     0.020 |
|     m222 |     0.020 |
|     m231 |     0.014 |
|     m232 |     0.014 |
|     m241 |     0.012 |
|     m242 |     0.017 |
|     m251 |     0.018 |
|     m252 |     0.018 |
|     m261 |     0.016 |
|     m262 |     0.016 |
|     m271 |     0.018 |
|     m272 |     0.018 |
|     m281 |     0.016 |
|     m282 |     0.016 |
|     m291 |     0.018 |
|     m292 |     0.027 |
|     m301 |     0.018 |
|     m302 |     0.020 |
|     m31  |     0.009 |
|     m311 |     0.012 |
|     m312 |     0.017 |
|     m32  |     0.005 |
|     m41  |     0.008 |
|     m42  |     0.013 |
|     m51  |     0.014 |
|     m52  |     0.014 |
|     m61  |     0.012 |
|     m62  |     0.012 |
|     m71  |     0.015 |
|     m72  |     0.015 |
|     m81  |     0.012 |
|     m82  |     0.019 |
|     m91  |     0.020 |
|     m92  |     0.020 |
|   A3     |     1.067 |
|     m01  |     0.003 |
|     m02  |     0.003 |
|     m101 |     0.009 |
|     m102 |     0.013 |
|     m11  |     0.007 |
|     m111 |     0.016 |
|     m112 |     0.016 |
|     m12  |     0.007 |
|     m121 |     0.022 |
|     m122 |     0.019 |
|     m131 |     0.018 |
|     m132 |     0.018 |
|     m141 |     0.015 |
|     m142 |     0.015 |
|     m151 |     0.016 |
|     m152 |     0.016 |
|     m161 |     0.018 |
|     m162 |     0.017 |
|     m171 |     0.018 |
|     m172 |     0.019 |
|     m181 |     0.025 |
|     m182 |     0.016 |
|     m191 |     0.014 |
|     m192 |     0.014 |
|     m201 |     0.016 |
|     m202 |     0.016 |
|     m21  |     0.007 |
|     m211 |     0.019 |
|     m212 |     0.019 |
|     m22  |     0.007 |
|     m221 |     0.013 |
|     m222 |     0.017 |
|     m231 |     0.019 |
|     m232 |     0.019 |
|     m241 |     0.018 |
|     m242 |     0.018 |
|     m251 |     0.015 |
|     m252 |     0.020 |
|     m261 |     0.020 |
|     m262 |     0.020 |
|     m271 |     0.011 |
|     m272 |     0.013 |
|     m281 |     0.020 |
|     m282 |     0.020 |
|     m291 |     0.020 |
|     m292 |     0.016 |
|     m301 |     0.021 |
|     m302 |     0.021 |
|     m31  |     0.008 |
|     m311 |     0.019 |
|     m312 |     0.020 |
|     m32  |     0.012 |
|     m41  |     0.013 |
|     m42  |     0.013 |
|     m51  |     0.011 |
|     m52  |     0.011 |
|     m61  |     0.013 |
|     m62  |     0.013 |
|     m71  |     0.013 |
|     m72  |     0.013 |
|     m81  |     0.012 |
|     m82  |     0.015 |
|     m91  |     0.017 |
|     m92  |     0.017 |
|   A4     |     1.106 |
|     m01  |     0.003 |
|     m02  |     0.003 |
|     m101 |     0.013 |
|     m102 |     0.013 |
|     m11  |     0.005 |
|     m111 |     0.016 |
|     m112 |     0.016 |
|     m12  |     0.005 |
|     m121 |     0.015 |
|     m122 |     0.010 |
|     m131 |     0.022 |
|     m132 |     0.022 |
|     m141 |     0.015 |
|     m142 |     0.015 |
|     m151 |     0.017 |
|     m152 |     0.017 |
|     m161 |     0.017 |
|     m162 |     0.017 |
|     m171 |     0.016 |
|     m172 |     0.016 |
|     m181 |     0.017 |
|     m182 |     0.017 |
|     m191 |     0.021 |
|     m192 |     0.022 |
|     m201 |     0.018 |
|     m202 |     0.018 |
|     m21  |     0.009 |
|     m211 |     0.012 |
|     m212 |     0.015 |
|     m22  |     0.009 |
|     m221 |     0.020 |
|     m222 |     0.020 |
|     m231 |     0.019 |
|     m232 |     0.019 |
|     m241 |     0.018 |
|     m242 |     0.018 |
|     m251 |     0.021 |
|     m252 |     0.026 |
|     m261 |     0.020 |
|     m262 |     0.028 |
|     m271 |     0.018 |
|     m272 |     0.018 |
|     m281 |     0.021 |
|     m282 |     0.022 |
|     m291 |     0.019 |
|     m292 |     0.019 |
|     m301 |     0.020 |
|     m302 |     0.020 |
|     m31  |     0.007 |
|     m311 |     0.014 |
|     m312 |     0.020 |
|     m32  |     0.007 |
|     m41  |     0.010 |
|     m42  |     0.014 |
|     m51  |     0.007 |
|     m52  |     0.007 |
|     m61  |     0.013 |
|     m62  |     0.014 |
|     m71  |     0.011 |
|     m72  |     0.011 |
|     m81  |     0.018 |
|     m82  |     0.018 |
|     m91  |     0.015 |
|     m92  |     0.015 |
|   A5     |     1.022 |
|     m01  |     0.003 |
|     m02  |     0.003 |
|     m101 |     0.018 |
|     m102 |     0.016 |
|     m11  |     0.005 |
|     m111 |     0.012 |
|     m112 |     0.012 |
|     m12  |     0.005 |
|     m121 |     0.012 |
|     m122 |     0.016 |
|     m131 |     0.022 |
|     m132 |     0.015 |
|     m141 |     0.014 |
|     m142 |     0.014 |
|     m151 |     0.018 |
|     m152 |     0.018 |
|     m161 |     0.017 |
|     m162 |     0.017 |
|     m171 |     0.017 |
|     m172 |     0.017 |
|     m181 |     0.014 |
|     m182 |     0.022 |
|     m191 |     0.014 |
|     m192 |     0.014 |
|     m201 |     0.019 |
|     m202 |     0.019 |
|     m21  |     0.004 |
|     m211 |     0.018 |
|     m212 |     0.018 |
|     m22  |     0.005 |
|     m221 |     0.019 |
|     m222 |     0.013 |
|     m231 |     0.017 |
|     m232 |     0.017 |
|     m241 |     0.018 |
|     m242 |     0.018 |
|     m251 |     0.016 |
|     m252 |     0.016 |
|     m261 |     0.019 |
|     m262 |     0.018 |
|     m271 |     0.019 |
|     m272 |     0.018 |
|     m281 |     0.013 |
|     m282 |     0.017 |
|     m291 |     0.019 |
|     m292 |     0.019 |
|     m301 |     0.016 |
|     m302 |     0.017 |
|     m31  |     0.008 |
|     m311 |     0.019 |
|     m312 |     0.019 |
|     m32  |     0.008 |
|     m41  |     0.013 |
|     m42  |     0.013 |
|     m51  |     0.011 |
|     m52  |     0.011 |
|     m61  |     0.009 |
|     m62  |     0.009 |
|     m71  |     0.012 |
|     m72  |     0.012 |
|     m81  |     0.014 |
|     m82  |     0.014 |
|     m91  |     0.013 |
|     m92  |     0.012 |
|   A6     |     1.050 |
|     m01  |     0.003 |
|     m02  |     0.003 |
|     m101 |     0.018 |
|     m102 |     0.016 |
|     m11  |     0.005 |
|     m111 |     0.014 |
|     m112 |     0.014 |
|     m12  |     0.005 |
|     m121 |     0.016 |
|     m122 |     0.016 |
|     m131 |     0.018 |
|     m132 |     0.018 |
|     m141 |     0.017 |
|     m142 |     0.017 |
|     m151 |     0.011 |
|     m152 |     0.011 |
|     m161 |     0.017 |
|     m162 |     0.017 |
|     m171 |     0.015 |
|     m172 |     0.015 |
|     m181 |     0.019 |
|     m182 |     0.021 |
|     m191 |     0.014 |
|     m192 |     0.017 |
|     m201 |     0.018 |
|     m202 |     0.026 |
|     m21  |     0.007 |
|     m211 |     0.016 |
|     m212 |     0.017 |
|     m22  |     0.007 |
|     m221 |     0.022 |
|     m222 |     0.017 |
|     m231 |     0.016 |
|     m232 |     0.016 |
|     m241 |     0.025 |
|     m242 |     0.016 |
|     m251 |     0.015 |
|     m252 |     0.015 |
|     m261 |     0.019 |
|     m262 |     0.018 |
|     m271 |     0.015 |
|     m272 |     0.014 |
|     m281 |     0.021 |
|     m282 |     0.023 |
|     m291 |     0.016 |
|     m292 |     0.016 |
|     m301 |     0.019 |
|     m302 |     0.019 |
|     m31  |     0.007 |
|     m311 |     0.014 |
|     m312 |     0.015 |
|     m32  |     0.011 |
|     m41  |     0.010 |
|     m42  |     0.010 |
|     m51  |     0.009 |
|     m52  |     0.009 |
|     m61  |     0.012 |
|     m62  |     0.012 |
|     m71  |     0.012 |
|     m72  |     0.011 |
|     m81  |     0.015 |
|     m82  |     0.018 |
|     m91  |     0.014 |
|     m92  |     0.014 |
|   A7     |     1.072 |
|     m01  |     0.003 |
|     m02  |     0.003 |
|     m101 |     0.013 |
|     m102 |     0.013 |
|     m11  |     0.005 |
|     m111 |     0.016 |
|     m112 |     0.023 |
|     m12  |     0.005 |
|     m121 |     0.010 |
|     m122 |     0.010 |
|     m131 |     0.017 |
|     m132 |     0.016 |
|     m141 |     0.017 |
|     m142 |     0.016 |
|     m151 |     0.014 |
|     m152 |     0.013 |
|     m161 |     0.016 |
|     m162 |     0.016 |
|     m171 |     0.018 |
|     m172 |     0.019 |
|     m181 |     0.018 |
|     m182 |     0.014 |
|     m191 |     0.018 |
|     m192 |     0.015 |
|     m201 |     0.014 |
|     m202 |     0.014 |
|     m21  |     0.006 |
|     m211 |     0.021 |
|     m212 |     0.021 |
|     m22  |     0.006 |
|     m221 |     0.016 |
|     m222 |     0.017 |
|     m231 |     0.025 |
|     m232 |     0.025 |
|     m241 |     0.019 |
|     m242 |     0.020 |
|     m251 |     0.024 |
|     m252 |     0.026 |
|     m261 |     0.019 |
|     m262 |     0.019 |
|     m271 |     0.018 |
|     m272 |     0.018 |
|     m281 |     0.013 |
|     m282 |     0.017 |
|     m291 |     0.026 |
|     m292 |     0.026 |
|     m301 |     0.020 |
|     m302 |     0.020 |
|     m31  |     0.007 |
|     m311 |     0.013 |
|     m312 |     0.018 |
|     m32  |     0.007 |
|     m41  |     0.011 |
|     m42  |     0.010 |
|     m51  |     0.010 |
|     m52  |     0.010 |
|     m61  |     0.013 |
|     m62  |     0.013 |
|     m71  |     0.013 |
|     m72  |     0.014 |
|     m81  |     0.011 |
|     m82  |     0.010 |
|     m91  |     0.012 |
|     m92  |     0.015 |
+----------+-----------+


